Set paper size 	147.4015764	209.7637818
Begin page
Mx 	7.3701
My 	34.4882
Set font 	Gentium Plus;10;400;;normal;;LTR
T	737 85 86 87 w=17.0850	(first)
Mx 	27.1083
T	79 76 81 72 w=15.5566	(line)
Mx 	7.3701
My 	46.4882
T	86 72 70 82 81 71 w=28.5986	(second)
Mx 	38.6207
T	79 76 81 72 w=15.5566	(line)
Mx 	7.3701
My 	58.4882
T	87 75 76 85 71 w=20.8301	(third)
Mx 	30.8530
T	79 76 81 72 w=15.5566	(line)
Mx 	7.3701
My 	70.4882
T	73 82 88 85 87 75 w=26.3574	(fourth)
Mx 	36.3798
T	79 76 81 72 w=15.5566	(line)
Mx 	7.3701
My 	82.4882
T	737 73 87 75 w=17.8906	(fifth)
Mx 	27.9139
T	79 76 81 72 w=15.5566	(line)
Draw SVG	0.0000	0.0000	0.0000	1.0000	0.5 w 1 0 0 RG 42.6650 34.4882 m 7.3701 46.4882 l 46.4097 58.4882 l 7.3701 70.4882 l 43.4706 82.4882 l S
End page
Finish
